// Jest Snapshot v1, https://goo.gl/fbAQLP

exports[`ImageActions component renders properly 1`] = `
<div
  className="actionItems"
>
  <button
    onClick={[Function]}
    title="Click to copy the Url"
  >
    Copy
  </button>
</div>
`;
